// Jest Snapshot v1, https://goo.gl/fbAQLP

exports[`test no matches component should render no matches correctly 1`] = `
<div>
  <div
    class="empty-result"
    data-testid="no-matches-test"
  >
    <h1
      class="main-title "
    >
      No films found
    </h1>
  </div>
</div>
`;
