// Jest Snapshot v1, https://goo.gl/fbAQLP

exports[`test film card should render film card correctly 1`] = `
<div>
  <div
    class="film-card"
    data-testid="film-card-test"
    id=""
  >
    <div
      class="film-card__image-container"
    >
      <img
        alt="image"
        class="film-card__image"
        src=""
      />
    </div>
    <div
      class="film-card__title-container"
    >
      <p
        class="film-card__title"
      />
      <button
        class="film-card__release-date"
      >
        1
      </button>
    </div>
    <p
      class="film-card__genre"
    />
  </div>
</div>
`;
